// Jest Snapshot v1, https://goo.gl/fbAQLP

exports[`fetches single launch 1`] = `
Object {
  "data": Object {
    "home": Array [
      Object {
        "_id": "5e5c795ee512f03030753016",
        "images": Array [
          Object {
            "image": "https://firebasestorage.googleapis.com/v0/b/jintou-d0ad5.appspot.com/o/5e5c795ee512f03030753016.5e5c7b8ce512f0303075301c.png?alt=media&token",
          },
        ],
        "name": "Najila Seabra",
      },
      Object {
        "_id": "5e5c1835792f271026cfc596",
        "images": Array [],
        "name": null,
      },
    ],
  },
  "errors": undefined,
  "extensions": undefined,
  "http": Object {
    "headers": Headers {
      Symbol(map): Object {},
    },
  },
}
`;
